---
http_interactions:
- request:
    method: get
    uri: https://api.instagram.com/v1/users/self/?access_token=269242292.27722ba.9ac02877c3ab47cda4bdbf2648f6876e
    body:
      encoding: US-ASCII
      string: ''
    headers:
      User-Agent:
      - Faraday v0.9.2
      Accept-Encoding:
      - gzip;q=1.0,deflate;q=0.6,identity;q=0.3
      Accept:
      - "*/*"
  response:
    status:
      code: 200
      message: OK
    headers:
      X-Ratelimit-Remaining:
      - '499'
      Content-Language:
      - en
      Expires:
      - Sat, 01 Jan 2000 00:00:00 GMT
      Vary:
      - Cookie, Accept-Language, Accept-Encoding
      X-Ratelimit-Limit:
      - '500'
      Pragma:
      - no-cache
      Cache-Control:
      - private, no-cache, no-store, must-revalidate
      Date:
      - Fri, 19 Feb 2016 16:39:14 GMT
      Content-Type:
      - application/json; charset=utf-8
      Set-Cookie:
      - csrftoken=76cd9b5150c02bb0c4e45608d579a6c7; expires=Fri, 17-Feb-2017 16:39:14
        GMT; Max-Age=31449600; Path=/
      - s_network=; expires=Fri, 19-Feb-2016 17:39:14 GMT; Max-Age=3600; Path=/
      - sessionid=IGSC389338a506840854d9eb96eb8fe8091620f117c43123148648cfae0659788585%3AWINZ2Cb7Pix5b6WU3QKBbscnBaTd7Nuf%3A%7B%22asns%22%3A%7B%2263.145.15.98%22%3A209%2C%22time%22%3A1455899954%7D%7D;
        expires=Thu, 19-May-2016 16:39:14 GMT; httponly; Max-Age=7776000; Path=/
      Connection:
      - keep-alive
      Content-Length:
      - '299'
    body:
      encoding: ASCII-8BIT
      string: '{"meta": {"code": 200}, "data": {"username": "penneylicious", "bio":
        "\"Nature does not hurry, yet everything is accomplished...\"", "website":
        "http://www.dream-of-green.com", "profile_picture": "https://scontent.cdninstagram.com/t51.2885-19/s150x150/12224164_1509200229374661_1127130738_a.jpg",
        "full_name": "Penney Gadget", "counts": {"media": 9, "followed_by": 129, "follows":
        166}, "id": "269242292"}}'
    http_version: 
  recorded_at: Fri, 19 Feb 2016 16:39:14 GMT
- request:
    method: get
    uri: https://api.instagram.com/v1/users/self/media/recent/?access_token=269242292.27722ba.9ac02877c3ab47cda4bdbf2648f6876e
    body:
      encoding: US-ASCII
      string: ''
    headers:
      User-Agent:
      - Faraday v0.9.2
      Accept-Encoding:
      - gzip;q=1.0,deflate;q=0.6,identity;q=0.3
      Accept:
      - "*/*"
  response:
    status:
      code: 200
      message: OK
    headers:
      X-Ratelimit-Remaining:
      - '499'
      Content-Language:
      - en
      Expires:
      - Sat, 01 Jan 2000 00:00:00 GMT
      Vary:
      - Cookie, Accept-Language, Accept-Encoding
      X-Ratelimit-Limit:
      - '500'
      Pragma:
      - no-cache
      Cache-Control:
      - private, no-cache, no-store, must-revalidate
      Date:
      - Fri, 19 Feb 2016 16:39:15 GMT
      Content-Type:
      - application/json; charset=utf-8
      Set-Cookie:
      - csrftoken=7027b72f9f7bec039ee45e799554a2f5; expires=Fri, 17-Feb-2017 16:39:15
        GMT; Max-Age=31449600; Path=/
      - s_network=; expires=Fri, 19-Feb-2016 17:39:15 GMT; Max-Age=3600; Path=/
      - sessionid=IGSC5341a62faf310a3d9595c49556367690a367c4c485efca189ed03c5c93947e45%3AHcDUhl5aG3jdj0xcp2zVeMipmFJkOBpE%3A%7B%22asns%22%3A%7B%2263.145.15.98%22%3A209%2C%22time%22%3A1455899955%7D%7D;
        expires=Thu, 19-May-2016 16:39:15 GMT; httponly; Max-Age=7776000; Path=/
      Connection:
      - keep-alive
      Content-Length:
      - '1616'
    body:
      encoding: ASCII-8BIT
      string: '{"pagination": {}, "meta": {"code": 200}, "data": [{"attribution":
        null, "tags": [], "type": "image", "location": {"latitude": 39.753785964,
        "name": "Clear Creek Canyon", "longitude": -105.239999258, "id": 4911355},
        "comments": {"count": 3}, "filter": "Clarendon", "created_time": "1455745494",
        "link": "https://www.instagram.com/p/BB5yaqQo9fH/", "likes": {"count": 9},
        "images": {"low_resolution": {"url": "https://scontent.cdninstagram.com/t51.2885-15/s320x320/e35/12677646_1039553569419064_1246118943_n.jpg?ig_cache_key=MTE4NzIwMTcxMTE5NzExNjM1OQ%3D%3D.2",
        "width": 320, "height": 320}, "thumbnail": {"url": "https://scontent.cdninstagram.com/t51.2885-15/s150x150/e35/12677646_1039553569419064_1246118943_n.jpg?ig_cache_key=MTE4NzIwMTcxMTE5NzExNjM1OQ%3D%3D.2",
        "width": 150, "height": 150}, "standard_resolution": {"url": "https://scontent.cdninstagram.com/t51.2885-15/s640x640/sh0.08/e35/12677646_1039553569419064_1246118943_n.jpg?ig_cache_key=MTE4NzIwMTcxMTE5NzExNjM1OQ%3D%3D.2",
        "width": 640, "height": 640}}, "users_in_photo": [], "caption": {"created_time":
        "1455745494", "text": "Another beautiful day at the crag", "from": {"username":
        "penneylicious", "profile_picture": "https://scontent.cdninstagram.com/t51.2885-19/s150x150/12224164_1509200229374661_1127130738_a.jpg",
        "id": "269242292", "full_name": "Penney Gadget"}, "id": "1187201719124350395"},
        "user_has_liked": false, "id": "1187201711197116359_269242292", "user": {"username":
        "penneylicious", "profile_picture": "https://scontent.cdninstagram.com/t51.2885-19/s150x150/12224164_1509200229374661_1127130738_a.jpg",
        "id": "269242292", "full_name": "Penney Gadget"}}, {"attribution": null, "tags":
        [], "type": "image", "location": {"latitude": 39.7392, "name": "Denver, Colorado",
        "longitude": -104.984, "id": 4599325}, "comments": {"count": 3}, "filter":
        "Clarendon", "created_time": "1450883020", "link": "https://www.instagram.com/p/_o3_BHI9ZT/",
        "likes": {"count": 15}, "images": {"low_resolution": {"url": "https://scontent.cdninstagram.com/t51.2885-15/s320x320/e35/12328351_453780918156776_918552876_n.jpg?ig_cache_key=MTE0NjQxMjMyODI0NDQ2NzI4Mw%3D%3D.2",
        "width": 320, "height": 320}, "thumbnail": {"url": "https://scontent.cdninstagram.com/t51.2885-15/s150x150/e35/12328351_453780918156776_918552876_n.jpg?ig_cache_key=MTE0NjQxMjMyODI0NDQ2NzI4Mw%3D%3D.2",
        "width": 150, "height": 150}, "standard_resolution": {"url": "https://scontent.cdninstagram.com/t51.2885-15/s640x640/sh0.08/e35/12328351_453780918156776_918552876_n.jpg?ig_cache_key=MTE0NjQxMjMyODI0NDQ2NzI4Mw%3D%3D.2",
        "width": 640, "height": 640}}, "users_in_photo": [], "caption": null, "user_has_liked":
        false, "id": "1146412328244467283_269242292", "user": {"username": "penneylicious",
        "profile_picture": "https://scontent.cdninstagram.com/t51.2885-19/s150x150/12224164_1509200229374661_1127130738_a.jpg",
        "id": "269242292", "full_name": "Penney Gadget"}}, {"attribution": null, "tags":
        [], "type": "image", "location": {"latitude": 31.948282146, "name": "Cochise
        Stronghold, AZ", "longitude": -109.949820889, "id": 265307082}, "comments":
        {"count": 1}, "filter": "Clarendon", "created_time": "1450882986", "link":
        "https://www.instagram.com/p/_o36w6I9ZM/", "likes": {"count": 6}, "images":
        {"low_resolution": {"url": "https://scontent.cdninstagram.com/t51.2885-15/s320x320/e35/12353950_764934153636054_461909758_n.jpg?ig_cache_key=MTE0NjQxMjAzNTk2ODU4NzM0MA%3D%3D.2",
        "width": 320, "height": 320}, "thumbnail": {"url": "https://scontent.cdninstagram.com/t51.2885-15/s150x150/e35/12353950_764934153636054_461909758_n.jpg?ig_cache_key=MTE0NjQxMjAzNTk2ODU4NzM0MA%3D%3D.2",
        "width": 150, "height": 150}, "standard_resolution": {"url": "https://scontent.cdninstagram.com/t51.2885-15/s640x640/sh0.08/e35/12353950_764934153636054_461909758_n.jpg?ig_cache_key=MTE0NjQxMjAzNTk2ODU4NzM0MA%3D%3D.2",
        "width": 640, "height": 640}}, "users_in_photo": [], "caption": null, "user_has_liked":
        false, "id": "1146412035968587340_269242292", "user": {"username": "penneylicious",
        "profile_picture": "https://scontent.cdninstagram.com/t51.2885-19/s150x150/12224164_1509200229374661_1127130738_a.jpg",
        "id": "269242292", "full_name": "Penney Gadget"}}, {"attribution": null, "tags":
        [], "type": "image", "location": null, "comments": {"count": 0}, "filter":
        "Hefe", "created_time": "1448474824", "link": "https://www.instagram.com/p/-hGtrZI9dl/",
        "likes": {"count": 8}, "images": {"low_resolution": {"url": "https://scontent.cdninstagram.com/t51.2885-15/s320x320/e35/12276753_1693076244273065_1479274325_n.jpg?ig_cache_key=MTEyNjIxMDkwOTA2NzUzMjEzMw%3D%3D.2",
        "width": 320, "height": 320}, "thumbnail": {"url": "https://scontent.cdninstagram.com/t51.2885-15/s150x150/e35/12276753_1693076244273065_1479274325_n.jpg?ig_cache_key=MTEyNjIxMDkwOTA2NzUzMjEzMw%3D%3D.2",
        "width": 150, "height": 150}, "standard_resolution": {"url": "https://scontent.cdninstagram.com/t51.2885-15/s640x640/sh0.08/e35/12276753_1693076244273065_1479274325_n.jpg?ig_cache_key=MTEyNjIxMDkwOTA2NzUzMjEzMw%3D%3D.2",
        "width": 640, "height": 640}}, "users_in_photo": [], "caption": null, "user_has_liked":
        false, "id": "1126210909067532133_269242292", "user": {"username": "penneylicious",
        "profile_picture": "https://scontent.cdninstagram.com/t51.2885-19/s150x150/12224164_1509200229374661_1127130738_a.jpg",
        "id": "269242292", "full_name": "Penney Gadget"}}, {"attribution": null, "tags":
        [], "type": "image", "location": {"latitude": 35.771, "name": "Jemez Springs,
        New Mexico", "longitude": -106.692, "id": 240355268}, "comments": {"count":
        3}, "filter": "Clarendon", "created_time": "1448474733", "link": "https://www.instagram.com/p/-hGiozI9dL/",
        "likes": {"count": 5}, "images": {"low_resolution": {"url": "https://scontent.cdninstagram.com/t51.2885-15/s320x320/e35/12277471_811418828967541_131742717_n.jpg?ig_cache_key=MTEyNjIxMDE1MDM2ODI3MDE1NQ%3D%3D.2",
        "width": 320, "height": 320}, "thumbnail": {"url": "https://scontent.cdninstagram.com/t51.2885-15/s150x150/e35/12277471_811418828967541_131742717_n.jpg?ig_cache_key=MTEyNjIxMDE1MDM2ODI3MDE1NQ%3D%3D.2",
        "width": 150, "height": 150}, "standard_resolution": {"url": "https://scontent.cdninstagram.com/t51.2885-15/s640x640/sh0.08/e35/12277471_811418828967541_131742717_n.jpg?ig_cache_key=MTEyNjIxMDE1MDM2ODI3MDE1NQ%3D%3D.2",
        "width": 640, "height": 640}}, "users_in_photo": [], "caption": null, "user_has_liked":
        false, "id": "1126210150368270155_269242292", "user": {"username": "penneylicious",
        "profile_picture": "https://scontent.cdninstagram.com/t51.2885-19/s150x150/12224164_1509200229374661_1127130738_a.jpg",
        "id": "269242292", "full_name": "Penney Gadget"}}, {"attribution": null, "tags":
        [], "type": "image", "location": null, "comments": {"count": 2}, "filter":
        "Willow", "created_time": "1448474659", "link": "https://www.instagram.com/p/-hGZibI9c7/",
        "likes": {"count": 8}, "images": {"low_resolution": {"url": "https://scontent.cdninstagram.com/t51.2885-15/s320x320/e35/12237524_1008220929216557_1504186574_n.jpg?ig_cache_key=MTEyNjIwOTUyNTA0Nzg3NTM4Nw%3D%3D.2",
        "width": 320, "height": 320}, "thumbnail": {"url": "https://scontent.cdninstagram.com/t51.2885-15/s150x150/e35/12237524_1008220929216557_1504186574_n.jpg?ig_cache_key=MTEyNjIwOTUyNTA0Nzg3NTM4Nw%3D%3D.2",
        "width": 150, "height": 150}, "standard_resolution": {"url": "https://scontent.cdninstagram.com/t51.2885-15/e35/12237524_1008220929216557_1504186574_n.jpg?ig_cache_key=MTEyNjIwOTUyNTA0Nzg3NTM4Nw%3D%3D.2",
        "width": 640, "height": 640}}, "users_in_photo": [], "caption": null, "user_has_liked":
        false, "id": "1126209525047875387_269242292", "user": {"username": "penneylicious",
        "profile_picture": "https://scontent.cdninstagram.com/t51.2885-19/s150x150/12224164_1509200229374661_1127130738_a.jpg",
        "id": "269242292", "full_name": "Penney Gadget"}}, {"attribution": null, "tags":
        [], "type": "image", "location": {"latitude": 35.103933742, "name": "Jemez
        Springs, NM", "longitude": -106.606619285, "id": 238590039}, "comments": {"count":
        0}, "filter": "Clarendon", "created_time": "1443399819", "link": "https://www.instagram.com/p/8J26T4I9d1/",
        "likes": {"count": 13}, "images": {"low_resolution": {"url": "https://scontent.cdninstagram.com/t51.2885-15/s320x320/e35/11262721_1634794183432959_838858694_n.jpg?ig_cache_key=MTA4MzYzODY4Njk0MzUzMjkxNw%3D%3D.2",
        "width": 320, "height": 320}, "thumbnail": {"url": "https://scontent.cdninstagram.com/t51.2885-15/s150x150/e35/11262721_1634794183432959_838858694_n.jpg?ig_cache_key=MTA4MzYzODY4Njk0MzUzMjkxNw%3D%3D.2",
        "width": 150, "height": 150}, "standard_resolution": {"url": "https://scontent.cdninstagram.com/t51.2885-15/s640x640/sh0.08/e35/11262721_1634794183432959_838858694_n.jpg?ig_cache_key=MTA4MzYzODY4Njk0MzUzMjkxNw%3D%3D.2",
        "width": 640, "height": 640}}, "users_in_photo": [], "caption": null, "user_has_liked":
        false, "id": "1083638686943532917_269242292", "user": {"username": "penneylicious",
        "profile_picture": "https://scontent.cdninstagram.com/t51.2885-19/s150x150/12224164_1509200229374661_1127130738_a.jpg",
        "id": "269242292", "full_name": "Penney Gadget"}}, {"attribution": null, "tags":
        [], "type": "image", "location": {"latitude": 36.739533825, "name": "Bisti/De-Na-Zin
        Wilderness", "longitude": -108.196194708, "id": 282809743}, "comments": {"count":
        0}, "filter": "Clarendon", "created_time": "1443399692", "link": "https://www.instagram.com/p/8J2qyLo9dW/",
        "likes": {"count": 9}, "images": {"low_resolution": {"url": "https://scontent.cdninstagram.com/t51.2885-15/s320x320/e35/11356606_1669544866595408_1421262629_n.jpg?ig_cache_key=MTA4MzYzNzYxOTk3MTMxNTU0Mg%3D%3D.2",
        "width": 320, "height": 320}, "thumbnail": {"url": "https://scontent.cdninstagram.com/t51.2885-15/s150x150/e35/11356606_1669544866595408_1421262629_n.jpg?ig_cache_key=MTA4MzYzNzYxOTk3MTMxNTU0Mg%3D%3D.2",
        "width": 150, "height": 150}, "standard_resolution": {"url": "https://scontent.cdninstagram.com/t51.2885-15/s640x640/sh0.08/e35/11356606_1669544866595408_1421262629_n.jpg?ig_cache_key=MTA4MzYzNzYxOTk3MTMxNTU0Mg%3D%3D.2",
        "width": 640, "height": 640}}, "users_in_photo": [], "caption": null, "user_has_liked":
        false, "id": "1083637619971315542_269242292", "user": {"username": "penneylicious",
        "profile_picture": "https://scontent.cdninstagram.com/t51.2885-19/s150x150/12224164_1509200229374661_1127130738_a.jpg",
        "id": "269242292", "full_name": "Penney Gadget"}}, {"attribution": null, "tags":
        [], "type": "image", "location": {"latitude": 36.739533825, "name": "Bisti/De-Na-Zin
        Wilderness", "longitude": -108.196194708, "id": 282809743}, "comments": {"count":
        0}, "filter": "Mayfair", "created_time": "1443399626", "link": "https://www.instagram.com/p/8J2istI9dR/",
        "likes": {"count": 10}, "images": {"low_resolution": {"url": "https://scontent.cdninstagram.com/t51.2885-15/s320x320/e35/11379849_533313316844106_969757398_n.jpg?ig_cache_key=MTA4MzYzNzA2NDMzNTA4NzQ0MQ%3D%3D.2",
        "width": 320, "height": 320}, "thumbnail": {"url": "https://scontent.cdninstagram.com/t51.2885-15/s150x150/e35/11379849_533313316844106_969757398_n.jpg?ig_cache_key=MTA4MzYzNzA2NDMzNTA4NzQ0MQ%3D%3D.2",
        "width": 150, "height": 150}, "standard_resolution": {"url": "https://scontent.cdninstagram.com/t51.2885-15/s480x480/e35/11379849_533313316844106_969757398_n.jpg?ig_cache_key=MTA4MzYzNzA2NDMzNTA4NzQ0MQ%3D%3D.2",
        "width": 480, "height": 480}}, "users_in_photo": [], "caption": null, "user_has_liked":
        false, "id": "1083637064335087441_269242292", "user": {"username": "penneylicious",
        "profile_picture": "https://scontent.cdninstagram.com/t51.2885-19/s150x150/12224164_1509200229374661_1127130738_a.jpg",
        "id": "269242292", "full_name": "Penney Gadget"}}]}'
    http_version: 
  recorded_at: Fri, 19 Feb 2016 16:39:15 GMT
- request:
    method: get
    uri: https://api.instagram.com/v1/media/1187201711197116359_269242292/comments?access_token=269242292.27722ba.9ac02877c3ab47cda4bdbf2648f6876e
    body:
      encoding: US-ASCII
      string: ''
    headers:
      User-Agent:
      - Faraday v0.9.2
      Accept-Encoding:
      - gzip;q=1.0,deflate;q=0.6,identity;q=0.3
      Accept:
      - "*/*"
  response:
    status:
      code: 200
      message: OK
    headers:
      X-Ratelimit-Remaining:
      - '498'
      Content-Language:
      - en
      Expires:
      - Sat, 01 Jan 2000 00:00:00 GMT
      Vary:
      - Cookie, Accept-Language, Accept-Encoding
      X-Ratelimit-Limit:
      - '500'
      Pragma:
      - no-cache
      Cache-Control:
      - private, no-cache, no-store, must-revalidate
      Date:
      - Fri, 19 Feb 2016 16:39:15 GMT
      Content-Type:
      - application/json; charset=utf-8
      Set-Cookie:
      - csrftoken=efb5a20f6788294c37a3ab9f8854146e; expires=Fri, 17-Feb-2017 16:39:15
        GMT; Max-Age=31449600; Path=/
      - s_network=; expires=Fri, 19-Feb-2016 17:39:15 GMT; Max-Age=3600; Path=/
      - sessionid=IGSCacdbb5147f62a2fdb5f568173adbadbcb1c38e43b5cb53a7cba32a70f26cf61f%3Ax1Eo3GK9uHzrRvrmSnBUggtEOIXRcoet%3A%7B%22asns%22%3A%7B%2263.145.15.98%22%3A209%2C%22time%22%3A1455899955%7D%7D;
        expires=Thu, 19-May-2016 16:39:15 GMT; httponly; Max-Age=7776000; Path=/
      Connection:
      - keep-alive
      Content-Length:
      - '429'
    body:
      encoding: ASCII-8BIT
      string: '{"meta": {"code": 200}, "data": [{"created_time": "1455824793", "text":
        "This is a beautiful photo!", "from": {"username": "artofmoxie", "profile_picture":
        "https://scontent.cdninstagram.com/t51.2885-19/10706750_852405121512571_1455045308_a.jpg",
        "id": "16502037", "full_name": "Beth"}, "id": "1187866924867114535"}, {"created_time":
        "1455826225", "text": "troll troll troll troll you''ve been trolled", "from":
        {"username": "justinpease1", "profile_picture": "https://scontent.cdninstagram.com/t51.2885-19/s150x150/12748419_1752098388353622_1993632129_a.jpg",
        "id": "224650346", "full_name": "Justin Pease"}, "id": "1187878933654394581"},
        {"created_time": "1455862532", "text": "#capybara", "from": {"username": "miss.capybara",
        "profile_picture": "https://scontent.cdninstagram.com/t51.2885-19/s150x150/12729402_1536518483344558_1403306257_a.jpg",
        "id": "2957207955", "full_name": "Miss Capybara"}, "id": "1188183501118363413"}]}'
    http_version: 
  recorded_at: Fri, 19 Feb 2016 16:39:15 GMT
- request:
    method: get
    uri: https://api.instagram.com/v1/media/1146412328244467283_269242292/comments?access_token=269242292.27722ba.9ac02877c3ab47cda4bdbf2648f6876e
    body:
      encoding: US-ASCII
      string: ''
    headers:
      User-Agent:
      - Faraday v0.9.2
      Accept-Encoding:
      - gzip;q=1.0,deflate;q=0.6,identity;q=0.3
      Accept:
      - "*/*"
  response:
    status:
      code: 200
      message: OK
    headers:
      X-Ratelimit-Remaining:
      - '499'
      Content-Language:
      - en
      Expires:
      - Sat, 01 Jan 2000 00:00:00 GMT
      Vary:
      - Cookie, Accept-Language, Accept-Encoding
      X-Ratelimit-Limit:
      - '500'
      Pragma:
      - no-cache
      Cache-Control:
      - private, no-cache, no-store, must-revalidate
      Date:
      - Fri, 19 Feb 2016 16:39:15 GMT
      Content-Type:
      - application/json; charset=utf-8
      Set-Cookie:
      - csrftoken=4b11d7994603ffe96d67275fe1b91ba9; expires=Fri, 17-Feb-2017 16:39:15
        GMT; Max-Age=31449600; Path=/
      - s_network=; expires=Fri, 19-Feb-2016 17:39:15 GMT; Max-Age=3600; Path=/
      - sessionid=IGSCafa39791c2e515273ed61cab619e81efd017a99e6218ecc3476abaddaf965714%3AZyUfDg3jnTBeWHhorAK2qoKKTzzSDdZn%3A%7B%22asns%22%3A%7B%2263.145.15.98%22%3A209%2C%22time%22%3A1455899955%7D%7D;
        expires=Thu, 19-May-2016 16:39:15 GMT; httponly; Max-Age=7776000; Path=/
      Connection:
      - keep-alive
      Content-Length:
      - '249'
    body:
      encoding: ASCII-8BIT
      string: '{"meta": {"code": 200}, "data": [{"created_time": "1455826237", "text":
        "picture comment!!!!!!!!", "from": {"username": "justinpease1", "profile_picture":
        "https://scontent.cdninstagram.com/t51.2885-19/s150x150/12748419_1752098388353622_1993632129_a.jpg",
        "id": "224650346", "full_name": "Justin Pease"}, "id": "1187879034300913376"}]}'
    http_version: 
  recorded_at: Fri, 19 Feb 2016 16:39:16 GMT
- request:
    method: get
    uri: https://api.instagram.com/v1/media/1146412035968587340_269242292/comments?access_token=269242292.27722ba.9ac02877c3ab47cda4bdbf2648f6876e
    body:
      encoding: US-ASCII
      string: ''
    headers:
      User-Agent:
      - Faraday v0.9.2
      Accept-Encoding:
      - gzip;q=1.0,deflate;q=0.6,identity;q=0.3
      Accept:
      - "*/*"
  response:
    status:
      code: 200
      message: OK
    headers:
      X-Ratelimit-Remaining:
      - '499'
      Content-Language:
      - en
      Expires:
      - Sat, 01 Jan 2000 00:00:00 GMT
      Vary:
      - Cookie, Accept-Language, Accept-Encoding
      X-Ratelimit-Limit:
      - '500'
      Pragma:
      - no-cache
      Cache-Control:
      - private, no-cache, no-store, must-revalidate
      Date:
      - Fri, 19 Feb 2016 16:39:16 GMT
      Content-Type:
      - application/json; charset=utf-8
      Set-Cookie:
      - csrftoken=35b53ef76be7fa67c6ab07132f1110d0; expires=Fri, 17-Feb-2017 16:39:16
        GMT; Max-Age=31449600; Path=/
      - s_network=; expires=Fri, 19-Feb-2016 17:39:16 GMT; Max-Age=3600; Path=/
      - sessionid=IGSC09288a3fc28337514cd30cb3290370bb65e172c5cb04fb0f9d21c8e7b8c5b52a%3AkdEOrkK8YYcnDnsfEu8g6vHObu4nWWv5%3A%7B%22asns%22%3A%7B%2263.145.15.98%22%3A209%2C%22time%22%3A1455899956%7D%7D;
        expires=Thu, 19-May-2016 16:39:16 GMT; httponly; Max-Age=7776000; Path=/
      Connection:
      - keep-alive
      Content-Length:
      - '237'
    body:
      encoding: ASCII-8BIT
      string: '{"meta": {"code": 200}, "data": [{"created_time": "1455824907", "text":
        "Yay climbing!", "from": {"username": "artofmoxie", "profile_picture": "https://scontent.cdninstagram.com/t51.2885-19/10706750_852405121512571_1455045308_a.jpg",
        "id": "16502037", "full_name": "Beth"}, "id": "1187867878299522694"}]}'
    http_version: 
  recorded_at: Fri, 19 Feb 2016 16:39:16 GMT
- request:
    method: get
    uri: https://api.instagram.com/v1/media/1126210909067532133_269242292/comments?access_token=269242292.27722ba.9ac02877c3ab47cda4bdbf2648f6876e
    body:
      encoding: US-ASCII
      string: ''
    headers:
      User-Agent:
      - Faraday v0.9.2
      Accept-Encoding:
      - gzip;q=1.0,deflate;q=0.6,identity;q=0.3
      Accept:
      - "*/*"
  response:
    status:
      code: 200
      message: OK
    headers:
      X-Ratelimit-Remaining:
      - '498'
      Content-Language:
      - en
      Expires:
      - Sat, 01 Jan 2000 00:00:00 GMT
      Vary:
      - Cookie, Accept-Language
      X-Ratelimit-Limit:
      - '500'
      Pragma:
      - no-cache
      Cache-Control:
      - private, no-cache, no-store, must-revalidate
      Date:
      - Fri, 19 Feb 2016 16:39:16 GMT
      Content-Type:
      - application/json; charset=utf-8
      Set-Cookie:
      - csrftoken=a547edc9744a8aed873d0eed377cef7d; expires=Fri, 17-Feb-2017 16:39:16
        GMT; Max-Age=31449600; Path=/
      Connection:
      - keep-alive
      Content-Length:
      - '35'
    body:
      encoding: UTF-8
      string: '{"meta": {"code": 200}, "data": []}'
    http_version: 
  recorded_at: Fri, 19 Feb 2016 16:39:16 GMT
- request:
    method: get
    uri: https://api.instagram.com/v1/media/1126210150368270155_269242292/comments?access_token=269242292.27722ba.9ac02877c3ab47cda4bdbf2648f6876e
    body:
      encoding: US-ASCII
      string: ''
    headers:
      User-Agent:
      - Faraday v0.9.2
      Accept-Encoding:
      - gzip;q=1.0,deflate;q=0.6,identity;q=0.3
      Accept:
      - "*/*"
  response:
    status:
      code: 200
      message: OK
    headers:
      X-Ratelimit-Remaining:
      - '499'
      Content-Language:
      - en
      Expires:
      - Sat, 01 Jan 2000 00:00:00 GMT
      Vary:
      - Cookie, Accept-Language, Accept-Encoding
      X-Ratelimit-Limit:
      - '500'
      Pragma:
      - no-cache
      Cache-Control:
      - private, no-cache, no-store, must-revalidate
      Date:
      - Fri, 19 Feb 2016 16:39:16 GMT
      Content-Type:
      - application/json; charset=utf-8
      Set-Cookie:
      - csrftoken=ab89154c516fb6b26878458c5630cbb5; expires=Fri, 17-Feb-2017 16:39:16
        GMT; Max-Age=31449600; Path=/
      - s_network=; expires=Fri, 19-Feb-2016 17:39:16 GMT; Max-Age=3600; Path=/
      - sessionid=IGSC8452b20ada3c636eda7f63ea45cca387d7807ac7164e7a3d64dcfea000a4aa21%3APtYSfqY0ROFBgtOM69sIqZ6AVY74U5Qh%3A%7B%22asns%22%3A%7B%2263.145.15.98%22%3A209%2C%22time%22%3A1455899956%7D%7D;
        expires=Thu, 19-May-2016 16:39:16 GMT; httponly; Max-Age=7776000; Path=/
      Connection:
      - keep-alive
      Content-Length:
      - '325'
    body:
      encoding: ASCII-8BIT
      string: '{"meta": {"code": 200}, "data": [{"created_time": "1455824892", "text":
        "Amazing!", "from": {"username": "artofmoxie", "profile_picture": "https://scontent.cdninstagram.com/t51.2885-19/10706750_852405121512571_1455045308_a.jpg",
        "id": "16502037", "full_name": "Beth"}, "id": "1187867750809458301"}, {"created_time":
        "1455826263", "text": "more pretty", "from": {"username": "justinpease1",
        "profile_picture": "https://scontent.cdninstagram.com/t51.2885-19/s150x150/12748419_1752098388353622_1993632129_a.jpg",
        "id": "224650346", "full_name": "Justin Pease"}, "id": "1187879250483730162"}]}'
    http_version: 
  recorded_at: Fri, 19 Feb 2016 16:39:17 GMT
- request:
    method: get
    uri: https://api.instagram.com/v1/media/1126209525047875387_269242292/comments?access_token=269242292.27722ba.9ac02877c3ab47cda4bdbf2648f6876e
    body:
      encoding: US-ASCII
      string: ''
    headers:
      User-Agent:
      - Faraday v0.9.2
      Accept-Encoding:
      - gzip;q=1.0,deflate;q=0.6,identity;q=0.3
      Accept:
      - "*/*"
  response:
    status:
      code: 200
      message: OK
    headers:
      X-Ratelimit-Remaining:
      - '499'
      Content-Language:
      - en
      Expires:
      - Sat, 01 Jan 2000 00:00:00 GMT
      Vary:
      - Cookie, Accept-Language
      X-Ratelimit-Limit:
      - '500'
      Pragma:
      - no-cache
      Cache-Control:
      - private, no-cache, no-store, must-revalidate
      Date:
      - Fri, 19 Feb 2016 16:39:17 GMT
      Content-Type:
      - application/json; charset=utf-8
      Set-Cookie:
      - csrftoken=fdcd61ab87b140a0bba49a23bd6f62f3; expires=Fri, 17-Feb-2017 16:39:17
        GMT; Max-Age=31449600; Path=/
      Connection:
      - keep-alive
      Content-Length:
      - '35'
    body:
      encoding: UTF-8
      string: '{"meta": {"code": 200}, "data": []}'
    http_version: 
  recorded_at: Fri, 19 Feb 2016 16:39:17 GMT
- request:
    method: get
    uri: https://api.instagram.com/v1/media/1083638686943532917_269242292/comments?access_token=269242292.27722ba.9ac02877c3ab47cda4bdbf2648f6876e
    body:
      encoding: US-ASCII
      string: ''
    headers:
      User-Agent:
      - Faraday v0.9.2
      Accept-Encoding:
      - gzip;q=1.0,deflate;q=0.6,identity;q=0.3
      Accept:
      - "*/*"
  response:
    status:
      code: 200
      message: OK
    headers:
      X-Ratelimit-Remaining:
      - '498'
      Content-Language:
      - en
      Expires:
      - Sat, 01 Jan 2000 00:00:00 GMT
      Vary:
      - Cookie, Accept-Language
      X-Ratelimit-Limit:
      - '500'
      Pragma:
      - no-cache
      Cache-Control:
      - private, no-cache, no-store, must-revalidate
      Date:
      - Fri, 19 Feb 2016 16:39:17 GMT
      Content-Type:
      - application/json; charset=utf-8
      Set-Cookie:
      - csrftoken=2dc96b2991dcb9572be5fefc1b0d2176; expires=Fri, 17-Feb-2017 16:39:17
        GMT; Max-Age=31449600; Path=/
      Connection:
      - keep-alive
      Content-Length:
      - '35'
    body:
      encoding: UTF-8
      string: '{"meta": {"code": 200}, "data": []}'
    http_version: 
  recorded_at: Fri, 19 Feb 2016 16:39:17 GMT
- request:
    method: get
    uri: https://api.instagram.com/v1/media/1083637619971315542_269242292/comments?access_token=269242292.27722ba.9ac02877c3ab47cda4bdbf2648f6876e
    body:
      encoding: US-ASCII
      string: ''
    headers:
      User-Agent:
      - Faraday v0.9.2
      Accept-Encoding:
      - gzip;q=1.0,deflate;q=0.6,identity;q=0.3
      Accept:
      - "*/*"
  response:
    status:
      code: 200
      message: OK
    headers:
      X-Ratelimit-Remaining:
      - '499'
      Content-Language:
      - en
      Expires:
      - Sat, 01 Jan 2000 00:00:00 GMT
      Vary:
      - Cookie, Accept-Language
      X-Ratelimit-Limit:
      - '500'
      Pragma:
      - no-cache
      Cache-Control:
      - private, no-cache, no-store, must-revalidate
      Date:
      - Fri, 19 Feb 2016 16:39:17 GMT
      Content-Type:
      - application/json; charset=utf-8
      Set-Cookie:
      - csrftoken=c34e9982b4c97f3cca50aeef1d27db00; expires=Fri, 17-Feb-2017 16:39:17
        GMT; Max-Age=31449600; Path=/
      Connection:
      - keep-alive
      Content-Length:
      - '35'
    body:
      encoding: UTF-8
      string: '{"meta": {"code": 200}, "data": []}'
    http_version: 
  recorded_at: Fri, 19 Feb 2016 16:39:18 GMT
- request:
    method: get
    uri: https://api.instagram.com/v1/media/1083637064335087441_269242292/comments?access_token=269242292.27722ba.9ac02877c3ab47cda4bdbf2648f6876e
    body:
      encoding: US-ASCII
      string: ''
    headers:
      User-Agent:
      - Faraday v0.9.2
      Accept-Encoding:
      - gzip;q=1.0,deflate;q=0.6,identity;q=0.3
      Accept:
      - "*/*"
  response:
    status:
      code: 200
      message: OK
    headers:
      X-Ratelimit-Remaining:
      - '499'
      Content-Language:
      - en
      Expires:
      - Sat, 01 Jan 2000 00:00:00 GMT
      Vary:
      - Cookie, Accept-Language
      X-Ratelimit-Limit:
      - '500'
      Pragma:
      - no-cache
      Cache-Control:
      - private, no-cache, no-store, must-revalidate
      Date:
      - Fri, 19 Feb 2016 16:39:18 GMT
      Content-Type:
      - application/json; charset=utf-8
      Set-Cookie:
      - csrftoken=00c81a26ca0533896bec443869824fb7; expires=Fri, 17-Feb-2017 16:39:18
        GMT; Max-Age=31449600; Path=/
      Connection:
      - keep-alive
      Content-Length:
      - '35'
    body:
      encoding: UTF-8
      string: '{"meta": {"code": 200}, "data": []}'
    http_version: 
  recorded_at: Fri, 19 Feb 2016 16:39:18 GMT
recorded_with: VCR 3.0.1
